Sure, here's a test response. How can I assist you further?